Release 14.7 - xst P.20131013 (nt64)
Copyright (c) 1995-2013 Xilinx, Inc.  All rights reserved.
--> Parameter TMPDIR set to xst/projnav.tmp


Total REAL time to Xst completion: 0.00 secs
Total CPU time to Xst completion: 0.12 secs
 
--> Parameter xsthdpdir set to xst


Total REAL time to Xst completion: 0.00 secs
Total CPU time to Xst completion: 0.13 secs
 
--> Reading design: TOP.prj

TABLE OF CONTENTS
  1) Synthesis Options Summary
  2) HDL Compilation
  3) Design Hierarchy Analysis
  4) HDL Analysis
  5) HDL Synthesis
     5.1) HDL Synthesis Report
  6) Advanced HDL Synthesis
     6.1) Advanced HDL Synthesis Report
  7) Low Level Synthesis
  8) Partition Report
  9) Final Report
	9.1) Device utilization summary
	9.2) Partition Resource Summary
	9.3) TIMING REPORT


=========================================================================
*                      Synthesis Options Summary                        *
=========================================================================
---- Source Parameters
Input File Name                    : "TOP.prj"
Input Format                       : mixed
Ignore Synthesis Constraint File   : NO

---- Target Parameters
Output File Name                   : "TOP"
Output Format                      : NGC
Target Device                      : xc3s50a-4-tq144

---- Source Options
Top Module Name                    : TOP
Automatic FSM Extraction           : YES
FSM Encoding Algorithm             : Auto
Safe Implementation                : No
FSM Style                          : LUT
RAM Extraction                     : Yes
RAM Style                          : Auto
ROM Extraction                     : Yes
Mux Style                          : Auto
Decoder Extraction                 : YES
Priority Encoder Extraction        : Yes
Shift Register Extraction          : YES
Logical Shifter Extraction         : YES
XOR Collapsing                     : YES
ROM Style                          : Auto
Mux Extraction                     : Yes
Resource Sharing                   : YES
Asynchronous To Synchronous        : NO
Multiplier Style                   : Auto
Automatic Register Balancing       : No

---- Target Options
Add IO Buffers                     : YES
Global Maximum Fanout              : 100000
Add Generic Clock Buffer(BUFG)     : 24
Register Duplication               : YES
Slice Packing                      : YES
Optimize Instantiated Primitives   : NO
Use Clock Enable                   : Yes
Use Synchronous Set                : Yes
Use Synchronous Reset              : Yes
Pack IO Registers into IOBs        : Auto
Equivalent register Removal        : YES

---- General Options
Optimization Goal                  : Speed
Optimization Effort                : 1
Keep Hierarchy                     : No
Netlist Hierarchy                  : As_Optimized
RTL Output                         : Yes
Global Optimization                : AllClockNets
Read Cores                         : YES
Write Timing Constraints           : NO
Cross Clock Analysis               : NO
Hierarchy Separator                : /
Bus Delimiter                      : <>
Case Specifier                     : Maintain
Slice Utilization Ratio            : 100
BRAM Utilization Ratio             : 100
Verilog 2001                       : YES
Auto BRAM Packing                  : NO
Slice Utilization Ratio Delta      : 5

=========================================================================


=========================================================================
*                          HDL Compilation                              *
=========================================================================
Compiling vhdl file "C:/Users/hhartmann/Desktop/svn_fpga/trunk/01_Projects/WAV_Player/02_Source/TOP_Elbert.vhd" in Library work.
Entity <top> compiled.
Entity <top> (Architecture <rtl>) compiled.

=========================================================================
*                     Design Hierarchy Analysis                         *
=========================================================================
Analyzing hierarchy for entity <TOP> in library <work> (architecture <rtl>).


=========================================================================
*                            HDL Analysis                               *
=========================================================================
Analyzing Entity <TOP> in library <work> (Architecture <rtl>).
Entity <TOP> analyzed. Unit <TOP> generated.


=========================================================================
*                           HDL Synthesis                               *
=========================================================================

Performing bidirectional port resolution...

Synthesizing Unit <TOP>.
    Related source file is "C:/Users/hhartmann/Desktop/svn_fpga/trunk/01_Projects/WAV_Player/02_Source/TOP_Elbert.vhd".
    Found 33-bit up counter for signal <counter_led>.
    Found 1-bit register for signal <LED_temp>.
    Summary:
	inferred   1 Counter(s).
	inferred   1 D-type flip-flop(s).
Unit <TOP> synthesized.


=========================================================================
HDL Synthesis Report

Macro Statistics
# Counters                                             : 1
 33-bit up counter                                     : 1
# Registers                                            : 1
 1-bit register                                        : 1

=========================================================================

=========================================================================
*                       Advanced HDL Synthesis                          *
=========================================================================


=========================================================================
Advanced HDL Synthesis Report

Macro Statistics
# Counters                                             : 1
 33-bit up counter                                     : 1
# Registers                                            : 1
 Flip-Flops                                            : 1

=========================================================================

=========================================================================
*                         Low Level Synthesis                           *
=========================================================================

Optimizing unit <TOP> ...

Mapping all equations...
Building and optimizing final netlist ...
Found area constraint ratio of 100 (+ 5) on block TOP, actual ratio is 3.

Final Macro Processing ...

=========================================================================
Final Register Report

Macro Statistics
# Registers                                            : 34
 Flip-Flops                                            : 34

=========================================================================

=========================================================================
*                           Partition Report                            *
=========================================================================

Partition Implementation Status
-------------------------------

  No Partitions were found in this design.

-------------------------------

=========================================================================
*                            Final Report                               *
=========================================================================
Final Results
RTL Top Level Output File Name     : TOP.ngr
Top Level Output File Name         : TOP
Output Format                      : NGC
Optimization Goal                  : Speed
Keep Hierarchy                     : No

Design Statistics
# IOs                              : 25

Cell Usage :
# BELS                             : 119
#      GND                         : 1
#      INV                         : 2
#      LUT1                        : 33
#      LUT4                        : 8
#      MUXCY                       : 41
#      VCC                         : 1
#      XORCY                       : 33
# FlipFlops/Latches                : 34
#      FDE                         : 1
#      FDR                         : 33
# Clock Buffers                    : 1
#      BUFGP                       : 1
# IO Buffers                       : 24
#      IBUF                        : 11
#      OBUF                        : 13
=========================================================================

Device utilization summary:
---------------------------

Selected Device : 3s50atq144-4 

 Number of Slices:                       24  out of    704     3%  
 Number of Slice Flip Flops:             34  out of   1408     2%  
 Number of 4 input LUTs:                 43  out of   1408     3%  
 Number of IOs:                          25
 Number of bonded IOBs:                  25  out of    108    23%  
 Number of GCLKs:                         1  out of     24     4%  

---------------------------
Partition Resource Summary:
---------------------------

  No Partitions were found in this design.

---------------------------


=========================================================================
TIMING REPORT

NOTE: THESE TIMING NUMBERS ARE ONLY A SYNTHESIS ESTIMATE.
      FOR ACCURATE TIMING INFORMATION PLEASE REFER TO THE TRACE REPORT
      GENERATED AFTER PLACE-and-ROUTE.

Clock Information:
------------------
-----------------------------------+------------------------+-------+
Clock Signal                       | Clock buffer(FF name)  | Load  |
-----------------------------------+------------------------+-------+
CLK                                | BUFGP                  | 34    |
-----------------------------------+------------------------+-------+

Asynchronous Control Signals Information:
----------------------------------------
No asynchronous control signals found in this design

Timing Summary:
---------------
Speed Grade: -4

   Minimum period: 5.507ns (Maximum Frequency: 181.587MHz)
   Minimum input arrival time before clock: No path found
   Maximum output required time after clock: 5.558ns
   Maximum combinational path delay: 5.816ns

Timing Detail:
--------------
All values displayed in nanoseconds (ns)

=========================================================================
Timing constraint: Default period analysis for Clock 'CLK'
  Clock period: 5.507ns (frequency: 181.587MHz)
  Total number of paths / destination ports: 1684 / 68
-------------------------------------------------------------------------
Delay:               5.507ns (Levels of Logic = 33)
  Source:            counter_led_1 (FF)
  Destination:       counter_led_32 (FF)
  Source Clock:      CLK rising
  Destination Clock: CLK rising

  Data Path: counter_led_1 to counter_led_32
                                Gate     Net
    Cell:in->out      fanout   Delay   Delay  Logical Name (Net Name)
    ----------------------------------------  ------------
     FDR:C->Q              2   0.591   0.590  counter_led_1 (counter_led_1)
     LUT1:I0->O            1   0.648   0.000  Mcount_counter_led_cy<1>_rt (Mcount_counter_led_cy<1>_rt)
     MUXCY:S->O            1   0.632   0.000  Mcount_counter_led_cy<1> (Mcount_counter_led_cy<1>)
     MUXCY:CI->O           1   0.065   0.000  Mcount_counter_led_cy<2> (Mcount_counter_led_cy<2>)
     MUXCY:CI->O           1   0.065   0.000  Mcount_counter_led_cy<3> (Mcount_counter_led_cy<3>)
     MUXCY:CI->O           1   0.065   0.000  Mcount_counter_led_cy<4> (Mcount_counter_led_cy<4>)
     MUXCY:CI->O           1   0.065   0.000  Mcount_counter_led_cy<5> (Mcount_counter_led_cy<5>)
     MUXCY:CI->O           1   0.065   0.000  Mcount_counter_led_cy<6> (Mcount_counter_led_cy<6>)
     MUXCY:CI->O           1   0.065   0.000  Mcount_counter_led_cy<7> (Mcount_counter_led_cy<7>)
     MUXCY:CI->O           1   0.065   0.000  Mcount_counter_led_cy<8> (Mcount_counter_led_cy<8>)
     MUXCY:CI->O           1   0.065   0.000  Mcount_counter_led_cy<9> (Mcount_counter_led_cy<9>)
     MUXCY:CI->O           1   0.065   0.000  Mcount_counter_led_cy<10> (Mcount_counter_led_cy<10>)
     MUXCY:CI->O           1   0.065   0.000  Mcount_counter_led_cy<11> (Mcount_counter_led_cy<11>)
     MUXCY:CI->O           1   0.065   0.000  Mcount_counter_led_cy<12> (Mcount_counter_led_cy<12>)
     MUXCY:CI->O           1   0.065   0.000  Mcount_counter_led_cy<13> (Mcount_counter_led_cy<13>)
     MUXCY:CI->O           1   0.065   0.000  Mcount_counter_led_cy<14> (Mcount_counter_led_cy<14>)
     MUXCY:CI->O           1   0.065   0.000  Mcount_counter_led_cy<15> (Mcount_counter_led_cy<15>)
     MUXCY:CI->O           1   0.065   0.000  Mcount_counter_led_cy<16> (Mcount_counter_led_cy<16>)
     MUXCY:CI->O           1   0.065   0.000  Mcount_counter_led_cy<17> (Mcount_counter_led_cy<17>)
     MUXCY:CI->O           1   0.065   0.000  Mcount_counter_led_cy<18> (Mcount_counter_led_cy<18>)
     MUXCY:CI->O           1   0.065   0.000  Mcount_counter_led_cy<19> (Mcount_counter_led_cy<19>)
     MUXCY:CI->O           1   0.065   0.000  Mcount_counter_led_cy<20> (Mcount_counter_led_cy<20>)
     MUXCY:CI->O           1   0.065   0.000  Mcount_counter_led_cy<21> (Mcount_counter_led_cy<21>)
     MUXCY:CI->O           1   0.065   0.000  Mcount_counter_led_cy<22> (Mcount_counter_led_cy<22>)
     MUXCY:CI->O           1   0.065   0.000  Mcount_counter_led_cy<23> (Mcount_counter_led_cy<23>)
     MUXCY:CI->O           1   0.065   0.000  Mcount_counter_led_cy<24> (Mcount_counter_led_cy<24>)
     MUXCY:CI->O           1   0.065   0.000  Mcount_counter_led_cy<25> (Mcount_counter_led_cy<25>)
     MUXCY:CI->O           1   0.065   0.000  Mcount_counter_led_cy<26> (Mcount_counter_led_cy<26>)
     MUXCY:CI->O           1   0.065   0.000  Mcount_counter_led_cy<27> (Mcount_counter_led_cy<27>)
     MUXCY:CI->O           1   0.065   0.000  Mcount_counter_led_cy<28> (Mcount_counter_led_cy<28>)
     MUXCY:CI->O           1   0.065   0.000  Mcount_counter_led_cy<29> (Mcount_counter_led_cy<29>)
     MUXCY:CI->O           1   0.065   0.000  Mcount_counter_led_cy<30> (Mcount_counter_led_cy<30>)
     MUXCY:CI->O           0   0.065   0.000  Mcount_counter_led_cy<31> (Mcount_counter_led_cy<31>)
     XORCY:CI->O           1   0.844   0.000  Mcount_counter_led_xor<32> (Result<32>)
     FDR:D                     0.252          counter_led_32
    ----------------------------------------
    Total                      5.507ns (4.917ns logic, 0.590ns route)
                                       (89.3% logic, 10.7% route)

=========================================================================
Timing constraint: Default OFFSET OUT AFTER for Clock 'CLK'
  Total number of paths / destination ports: 1 / 1
-------------------------------------------------------------------------
Offset:              5.558ns (Levels of Logic = 1)
  Source:            LED_temp (FF)
  Destination:       LED (PAD)
  Source Clock:      CLK rising

  Data Path: LED_temp to LED
                                Gate     Net
    Cell:in->out      fanout   Delay   Delay  Logical Name (Net Name)
    ----------------------------------------  ------------
     FDE:C->Q              2   0.591   0.447  LED_temp (LED_temp)
     OBUF:I->O                 4.520          LED_OBUF (LED)
    ----------------------------------------
    Total                      5.558ns (5.111ns logic, 0.447ns route)
                                       (92.0% logic, 8.0% route)

=========================================================================
Timing constraint: Default path analysis
  Total number of paths / destination ports: 12 / 12
-------------------------------------------------------------------------
Delay:               5.816ns (Levels of Logic = 2)
  Source:            AUDIO_IN (PAD)
  Destination:       AUDIO_OUT_L (PAD)

  Data Path: AUDIO_IN to AUDIO_OUT_L
                                Gate     Net
    Cell:in->out      fanout   Delay   Delay  Logical Name (Net Name)
    ----------------------------------------  ------------
     IBUF:I->O             2   0.849   0.447  AUDIO_IN_IBUF (AUDIO_OUT_R_OBUF)
     OBUF:I->O                 4.520          AUDIO_OUT_L_OBUF (AUDIO_OUT_L)
    ----------------------------------------
    Total                      5.816ns (5.369ns logic, 0.447ns route)
                                       (92.3% logic, 7.7% route)

=========================================================================


Total REAL time to Xst completion: 5.00 secs
Total CPU time to Xst completion: 5.31 secs
 
--> 

Total memory usage is 257036 kilobytes

Number of errors   :    0 (   0 filtered)
Number of warnings :    0 (   0 filtered)
Number of infos    :    0 (   0 filtered)

