Copyright 1986-2018 Xilinx, Inc. All Rights Reserved.
------------------------------------------------------------------------------------
| Tool Version : Vivado v.2018.3 (win64) Build 2405991 Thu Dec  6 23:38:27 MST 2018
| Date         : Sat Dec 21 19:27:16 2019
| Host         : Hugo running 64-bit major release  (build 9200)
| Command      : report_control_sets -verbose -file TOP_control_sets_placed.rpt
| Design       : TOP
| Device       : xc7s50
------------------------------------------------------------------------------------

Control Set Information

Table of Contents
-----------------
1. Summary
2. Histogram
3. Flip-Flop Distribution
4. Detailed Control Set Information

1. Summary
----------

+----------------------------------------------------------+-------+
|                          Status                          | Count |
+----------------------------------------------------------+-------+
| Number of unique control sets                            |   143 |
| Unused register locations in slices containing registers |   491 |
+----------------------------------------------------------+-------+


2. Histogram
------------

+--------+--------------+
| Fanout | Control Sets |
+--------+--------------+
|      1 |            2 |
|      3 |            3 |
|      5 |           20 |
|      7 |            2 |
|      8 |            4 |
|      9 |            4 |
|     10 |            6 |
|     11 |           10 |
|     12 |            2 |
|     14 |            1 |
|     15 |            6 |
|    16+ |           83 |
+--------+--------------+


3. Flip-Flop Distribution
-------------------------

+--------------+-----------------------+------------------------+-----------------+--------------+
| Clock Enable | Synchronous Set/Reset | Asynchronous Set/Reset | Total Registers | Total Slices |
+--------------+-----------------------+------------------------+-----------------+--------------+
| No           | No                    | No                     |            1738 |          449 |
| No           | No                    | Yes                    |            3886 |         1132 |
| No           | Yes                   | No                     |               0 |            0 |
| Yes          | No                    | No                     |             946 |          249 |
| Yes          | No                    | Yes                    |            1411 |          410 |
| Yes          | Yes                   | No                     |               0 |            0 |
+--------------+-----------------------+------------------------+-----------------+--------------+


4. Detailed Control Set Information
-----------------------------------

+---------------------------------------+----------------------------------------------------------------------------------------------------------------------------------------------------------+-----------------------------------------------------------------------------------+------------------+----------------+
|              Clock Signal             |                                                                       Enable Signal                                                                      |                                  Set/Reset Signal                                 | Slice Load Count | Bel Load Count |
+---------------------------------------+----------------------------------------------------------------------------------------------------------------------------------------------------------+-----------------------------------------------------------------------------------+------------------+----------------+
|  MMCM_GEN.U_MMCM/inst/clk_216         | U_Audio_channel_left/U_EQ_stage/EQ_sum_en                                                                                                                | U_Audio_channel_left/U_EQ_stage/U_EQ_volume_output/reset_n_0                      |                1 |              1 |
|  MMCM_GEN.U_MMCM/inst/clk_216         | U_Audio_channel_right/U_EQ_stage/EQ_sum_en                                                                                                               | U_Audio_channel_right/U_EQ_stage/U_EQ_volume_output/reset_n_0                     |                1 |              1 |
|  MMCM_GEN.U_MMCM/inst/clk_108         |                                                                                                                                                          |                                                                                   |                2 |              3 |
|  MMCM_GEN.U_MMCM/inst/clk_216         |                                                                                                                                                          | U_Audio_channel_right/U_EQ_stage/U_EQ_volume_input/reset_n_0                      |                2 |              3 |
|  MMCM_GEN.U_MMCM/inst/clk_216         |                                                                                                                                                          | U_Audio_channel_left/U_EQ_stage/U_EQ_volume_input/reset_n_0                       |                2 |              3 |
|  MMCM_GEN.U_MMCM/inst/clk_216         | U_Audio_channel_right/U_EQ_stage/U_EQ_volume_ctrl/vol_data[2]_1                                                                                          | U_Audio_channel_right/U_EQ_stage/U_EQ_volume_output/reset_n_1                     |                1 |              5 |
|  MMCM_GEN.U_MMCM/inst/clk_216         | U_Audio_channel_right/U_EQ_stage/U_EQ_volume_ctrl/vol_data[3]_2                                                                                          | U_Audio_channel_right/U_EQ_stage/U_EQ_volume_ctrl/reset_n_1                       |                1 |              5 |
|  MMCM_GEN.U_MMCM/inst/clk_216         | U_Audio_channel_left/U_EQ_stage/U_EQ_volume_ctrl/vol_data[1]_0                                                                                           | U_Audio_channel_left/U_EQ_stage/U_EQ_volume_ctrl/reset_n_1                        |                1 |              5 |
|  MMCM_GEN.U_MMCM/inst/clk_216         | U_Audio_channel_right/U_EQ_stage/U_EQ_volume_ctrl/vol_data[5]_4                                                                                          | U_Audio_channel_right/U_EQ_stage/U_EQ_volume_ctrl/reset_n_1                       |                1 |              5 |
|  MMCM_GEN.U_MMCM/inst/clk_216         | U_Audio_channel_left/U_EQ_stage/U_EQ_volume_ctrl/vol_data[2]_1                                                                                           | U_Audio_channel_left/U_EQ_stage/U_EQ_volume_output/reset_n_1                      |                1 |              5 |
|  MMCM_GEN.U_MMCM/inst/clk_216         | U_Audio_channel_left/U_EQ_stage/U_EQ_volume_ctrl/vol_data[7]_6                                                                                           | U_Audio_channel_left/U_EQ_stage/U_EQ_volume_ctrl/reset_n_1                        |                2 |              5 |
|  MMCM_GEN.U_MMCM/inst/clk_216         | U_Audio_channel_right/U_EQ_stage/U_EQ_volume_ctrl/vol_data_out[4]_i_1_n_0                                                                                | U_Audio_channel_right/U_EQ_stage/U_EQ_volume_ctrl/reset_n_1                       |                1 |              5 |
|  MMCM_GEN.U_MMCM/inst/clk_216         | U_Audio_channel_left/U_EQ_stage/U_EQ_volume_ctrl/vol_data[6]_5                                                                                           | U_Audio_channel_left/U_EQ_stage/U_EQ_volume_output/reset_n_1                      |                1 |              5 |
|  MMCM_GEN.U_MMCM/inst/clk_216         | U_Audio_channel_right/U_EQ_stage/U_EQ_volume_ctrl/vol_data[0][4]_i_1_n_0                                                                                 | U_Audio_channel_right/U_EQ_stage/U_EQ_volume_output/reset_n_1                     |                2 |              5 |
|  MMCM_GEN.U_MMCM/inst/clk_216         | U_Audio_channel_right/U_EQ_stage/U_EQ_volume_ctrl/vol_data[4]_3                                                                                          | U_Audio_channel_right/U_EQ_stage/U_EQ_volume_output/reset_n_1                     |                1 |              5 |
|  MMCM_GEN.U_MMCM/inst/clk_216         | U_Audio_channel_left/U_EQ_stage/U_EQ_volume_ctrl/vol_data[0][4]_i_1_n_0                                                                                  | U_Audio_channel_left/U_EQ_stage/U_EQ_volume_output/reset_n_1                      |                1 |              5 |
|  MMCM_GEN.U_MMCM/inst/clk_216         | U_Audio_channel_left/U_EQ_stage/U_EQ_volume_ctrl/vol_data[3]_2                                                                                           | U_Audio_channel_left/U_EQ_stage/U_EQ_volume_ctrl/reset_n_1                        |                2 |              5 |
|  MMCM_GEN.U_MMCM/inst/clk_216         | U_Audio_channel_left/U_EQ_stage/U_EQ_volume_ctrl/vol_data[5]_4                                                                                           | U_Audio_channel_left/U_EQ_stage/U_EQ_volume_ctrl/reset_n_1                        |                2 |              5 |
|  MMCM_GEN.U_MMCM/inst/clk_216         | U_Audio_channel_right/U_EQ_stage/U_EQ_volume_ctrl/vol_data[1]_0                                                                                          | U_Audio_channel_right/U_EQ_stage/U_EQ_volume_ctrl/reset_n_1                       |                1 |              5 |
|  MMCM_GEN.U_MMCM/inst/clk_216         | U_Audio_channel_left/U_EQ_stage/EQ_sum_en                                                                                                                | U_Audio_channel_left/U_EQ_stage/U_EQ_volume_ctrl/reset_n_1                        |                1 |              5 |
|  MMCM_GEN.U_MMCM/inst/clk_216         | U_Audio_channel_right/U_EQ_stage/U_EQ_volume_ctrl/vol_data[7]_6                                                                                          | U_Audio_channel_right/U_EQ_stage/U_EQ_volume_ctrl/reset_n_1                       |                2 |              5 |
|  MMCM_GEN.U_MMCM/inst/clk_216         | U_Audio_channel_left/U_EQ_stage/U_EQ_volume_ctrl/vol_data[4]_3                                                                                           | U_Audio_channel_left/U_EQ_stage/U_EQ_volume_output/reset_n_1                      |                2 |              5 |
|  MMCM_GEN.U_MMCM/inst/clk_216         | U_Audio_channel_right/U_EQ_stage/EQ_sum_en                                                                                                               | U_Audio_channel_right/U_EQ_stage/U_EQ_volume_ctrl/reset_n_1                       |                1 |              5 |
|  MMCM_GEN.U_MMCM/inst/clk_216         | U_Audio_channel_right/U_EQ_stage/U_EQ_volume_ctrl/vol_data[6]_5                                                                                          | U_Audio_channel_right/U_EQ_stage/U_EQ_volume_output/reset_n_1                     |                1 |              5 |
|  MMCM_GEN.U_MMCM/inst/clk_216         | U_Audio_channel_left/U_EQ_stage/U_EQ_volume_ctrl/vol_data_out[4]_i_1_n_0                                                                                 | U_Audio_channel_left/U_EQ_stage/U_EQ_volume_ctrl/reset_n_1                        |                1 |              5 |
|  MMCM_GEN.U_MMCM/inst/clk_216         | U_Audio_channel_right/U_EQ_stage/GEN_EQ[1].U_EQ_volume/E[0]                                                                                              | U_Audio_channel_right/U_EQ_stage/GEN_EQ[2].U_EQ_volume/reset_n_0                  |                2 |              7 |
|  MMCM_GEN.U_MMCM/inst/clk_216         | U_Audio_channel_left/U_EQ_stage/GEN_EQ[1].U_EQ_volume/E[0]                                                                                               | U_Audio_channel_left/U_EQ_stage/GEN_EQ[2].U_EQ_volume/reset_n_0                   |                2 |              7 |
|  MMCM_GEN.U_MMCM/inst/clk_216         | U_Audio_channel_right/U_FFT_Wrapper/U_FFT_FSM/counter_stage[7]_i_1_n_0                                                                                   | U_Audio_channel_right/U_FFT_Wrapper/U_FFT_FSM/reset_n_0                           |                3 |              8 |
|  MMCM_GEN.U_MMCM/inst/clk_216         | U_UART_Wrapper/Tx_in[7]_i_1_n_0                                                                                                                          | U_UART_Wrapper/U_Tx/reset_n_0                                                     |                2 |              8 |
|  MMCM_GEN.U_MMCM/inst/clk_216         | U_Audio_channel_left/U_FFT_Wrapper/U_FFT_FSM/counter_stage[7]_i_1_n_0                                                                                    | U_Audio_channel_left/U_FFT_Wrapper/U_FFT_FSM/reset_n_0                            |                3 |              8 |
|  MMCM_GEN_112.U_MMCM_112/inst/clk_112 | U_I2S_Wrapper/U_I2S_Receiver/bit_counter[7]_i_1_n_0                                                                                                      | U_I2S_Wrapper/U_I2S_Receiver/reset_n_0                                            |                2 |              8 |
|  MMCM_GEN.U_MMCM/inst/clk_216         | U_Audio_channel_right/U_FFT_Wrapper/FFT_new_sample_d_reg_n_0                                                                                             | U_Audio_channel_right/U_FFT_Wrapper/U_FFT_FSM/reset_n_0                           |                3 |              9 |
|  MMCM_GEN.U_MMCM/inst/clk_216         | U_Audio_channel_left/U_NRM_Wrapper/U_NRM_FSM/counter_addr[8]_i_1_n_0                                                                                     | U_Audio_channel_left/U_NRM_Wrapper/U_NRM_Normalizer/reset_n_0                     |                3 |              9 |
|  MMCM_GEN.U_MMCM/inst/clk_216         | U_Audio_channel_right/U_NRM_Wrapper/U_NRM_FSM/counter_addr[8]_i_1_n_0                                                                                    | U_Audio_channel_right/U_NRM_Wrapper/U_NRM_Normalizer/reset_n_0                    |                4 |              9 |
|  MMCM_GEN.U_MMCM/inst/clk_216         | U_Audio_channel_left/U_FFT_Wrapper/FFT_new_sample_d_reg_n_0                                                                                              | U_Audio_channel_left/U_FFT_Wrapper/U_FFT_FSM/reset_n_0                            |                3 |              9 |
|  MMCM_GEN.U_MMCM/inst/clk_216         | U_Audio_channel_left/U_FIR_interface/coef_counter0                                                                                                       | U_Audio_channel_left/U_FIR_interface/GEN_FILTER[5].U_FIR_filter/reset_n_0         |                5 |             10 |
|  MMCM_GEN.U_MMCM/inst/clk_216         | U_Audio_Interface/U_FIFO_32bit_MOSI/U0/inst_fifo_gen/gconvfifo.rf/grf.rf/gntv_or_sync_fifo.gl0.rd/gr1.gr1_int.rfwft/ram_empty_fb_i_reg[0]                |                                                                                   |                2 |             10 |
|  MMCM_GEN.U_MMCM/inst/clk_216         | U_Audio_channel_right/U_FIR_interface/coef_counter0                                                                                                      | U_Audio_channel_right/U_FIR_interface/GEN_FILTER[5].U_FIR_filter/reset_n_0        |                5 |             10 |
|  MMCM_GEN_112.U_MMCM_112/inst/clk_112 | U_Audio_Interface/U_FIFO_32bit_MISO/U0/inst_fifo_gen/gconvfifo.rf/grf.rf/gntv_or_sync_fifo.gl0.rd/gr1.gr1_int.rfwft/ram_empty_fb_i_reg[0]                |                                                                                   |                3 |             10 |
|  MMCM_GEN.U_MMCM/inst/clk_216         | U_Audio_channel_left/U_VU_metre/GEN_VU[7].U_VU_stage/E[0]                                                                                                | U_Audio_channel_left/U_VU_metre/GEN_VU[0].U_VU_stage/reset_n_0                    |                7 |             10 |
|  MMCM_GEN.U_MMCM/inst/clk_216         | U_Audio_channel_right/U_VU_metre/GEN_VU[7].U_VU_stage/E[0]                                                                                               | U_Audio_channel_right/U_VU_metre/GEN_VU[0].U_VU_stage/reset_n_0                   |                3 |             10 |
|  MMCM_GEN.U_MMCM/inst/clk_216         | U_VGA_interface_bottom/WAV_read_d2                                                                                                                       | U_VGA_interface_bottom/VU_data[0][4]_i_1_n_0                                      |                2 |             11 |
|  MMCM_GEN.U_MMCM/inst/clk_216         | U_Audio_channel_right/EQ_en                                                                                                                              | U_Audio_channel_left/U_FIR_interface/GEN_FILTER[5].U_FIR_filter/reset_n_0         |                3 |             11 |
|  MMCM_GEN.U_MMCM/inst/clk_216         | U_Audio_channel_right/EQ_en                                                                                                                              | U_Audio_channel_right/U_FIR_interface/GEN_FILTER[5].U_FIR_filter/reset_n_0        |                2 |             11 |
|  MMCM_GEN.U_MMCM/inst/clk_216         | U_Audio_channel_left/U_VU_metre/GEN_VU[7].U_VU_stage/E[0]                                                                                                | U_Audio_channel_left/U_VU_metre/GEN_VU[7].U_VU_stage/reset_n_0                    |                3 |             11 |
|  MMCM_GEN.U_MMCM/inst/clk_216         | U_Audio_channel_left/U_VU_metre/GEN_VU[7].U_VU_stage/FSM_sequential_current_state_reg[1][0]                                                              | U_Audio_channel_left/U_VU_metre/GEN_VU[7].U_VU_stage/reset_n_0                    |                3 |             11 |
|  MMCM_GEN.U_MMCM/inst/clk_216         | U_Audio_channel_right/U_FIR_interface/ena                                                                                                                | U_Audio_channel_right/U_FIR_interface/GEN_FILTER[5].U_FIR_filter/reset_n_0        |                6 |             11 |
|  MMCM_GEN.U_MMCM/inst/clk_216         | U_Audio_channel_right/U_VU_metre/GEN_VU[7].U_VU_stage/E[0]                                                                                               | U_Audio_channel_right/U_VU_metre/GEN_VU[7].U_VU_stage/reset_n_0                   |                3 |             11 |
|  MMCM_GEN.U_MMCM/inst/clk_216         | U_Audio_channel_right/U_VU_metre/GEN_VU[7].U_VU_stage/FSM_sequential_current_state_reg[1][0]                                                             | U_Audio_channel_right/U_VU_metre/GEN_VU[7].U_VU_stage/reset_n_0                   |                3 |             11 |
|  MMCM_GEN.U_MMCM/inst/clk_216         | U_Audio_channel_left/U_FIR_interface/ena                                                                                                                 | U_Audio_channel_left/U_FIR_interface/GEN_FILTER[5].U_FIR_filter/reset_n_0         |                5 |             11 |
|  MMCM_GEN.U_MMCM/inst/clk_216         | U_VGA_interface_top/WAV_read_d2                                                                                                                          | U_VGA_interface_top/VU_data[0][4]_i_1_n_0                                         |                2 |             11 |
|  MMCM_GEN.U_MMCM/inst/clk_216         | U_Audio_channel_right/U_EQ_stage/GEN_EQ[1].U_EQ_volume/E[0]                                                                                              | U_Audio_channel_right/U_EQ_stage/GEN_EQ[4].U_EQ_volume/reset_n_0                  |                3 |             12 |
|  MMCM_GEN.U_MMCM/inst/clk_216         | U_Audio_channel_left/U_EQ_stage/GEN_EQ[1].U_EQ_volume/E[0]                                                                                               | U_Audio_channel_left/U_EQ_stage/GEN_EQ[4].U_EQ_volume/reset_n_0                   |                3 |             12 |
|  MMCM_GEN.U_MMCM/inst/clk_216         | U_UART_Wrapper/U_Tx/Tx0                                                                                                                                  | U_UART_Wrapper/U_Tx/reset_n_0                                                     |                3 |             14 |
|  MMCM_GEN.U_MMCM/inst/clk_216         | U_Audio_channel_right/U_EQ_stage/EQ_sum_en                                                                                                               | U_Audio_channel_right/U_EQ_stage/U_EQ_volume_output/reset_n_1                     |                4 |             15 |
|  MMCM_GEN.U_MMCM/inst/clk_216         | U_Audio_channel_left/U_VU_metre/GEN_VU[7].U_VU_stage/E[0]                                                                                                | U_Audio_channel_left/U_VU_metre/GEN_VU[6].U_VU_stage/reset_n_0                    |                6 |             15 |
|  MMCM_GEN.U_MMCM/inst/clk_216         | U_Audio_channel_left/U_VU_metre/GEN_VU[7].U_VU_stage/E[0]                                                                                                | U_Audio_channel_left/U_VU_metre/GEN_VU[5].U_VU_stage/reset_n_0                    |                6 |             15 |
|  MMCM_GEN.U_MMCM/inst/clk_216         | U_Audio_channel_left/U_EQ_stage/EQ_sum_en                                                                                                                | U_Audio_channel_left/U_EQ_stage/U_EQ_volume_output/reset_n_1                      |                6 |             15 |
|  MMCM_GEN.U_MMCM/inst/clk_216         | U_Audio_channel_right/U_VU_metre/GEN_VU[7].U_VU_stage/E[0]                                                                                               | U_Audio_channel_right/U_VU_metre/GEN_VU[5].U_VU_stage/reset_n_0                   |                6 |             15 |
|  MMCM_GEN.U_MMCM/inst/clk_216         | U_Audio_channel_right/U_VU_metre/GEN_VU[7].U_VU_stage/E[0]                                                                                               | U_Audio_channel_right/U_VU_metre/GEN_VU[6].U_VU_stage/reset_n_0                   |                8 |             15 |
|  MMCM_GEN.U_MMCM/inst/clk_216         | U_Audio_channel_left/U_NRM_Wrapper/U_NRM_Normalizer/U_Sqrt/U0/i_synth/i_synth/gen_sqrt.square_root/gen_rdy_int/CE                                        |                                                                                   |                5 |             16 |
|  MMCM_GEN.U_MMCM/inst/clk_216         | U_Audio_channel_right/U_NRM_Wrapper/U_NRM_Normalizer/U_Sqrt/U0/i_synth/i_synth/gen_sqrt.square_root/gen_rdy_int/CE                                       |                                                                                   |                5 |             16 |
|  MMCM_GEN.U_MMCM/inst/clk_108         | U_VGA_controller/v_addr_counter[15]_i_1_n_0                                                                                                              | U_VGA_controller/VGA_new_frame_i_2_n_0                                            |                4 |             16 |
|  MMCM_GEN.U_MMCM/inst/clk_108         | U_VGA_controller/v_inc                                                                                                                                   | U_VGA_controller/VGA_new_frame_i_2_n_0                                            |                3 |             16 |
|  MMCM_GEN_112.U_MMCM_112/inst/clk_112 | U_I2S_Wrapper/U_I2S_Receiver/E[0]                                                                                                                        | U_I2S_Wrapper/U_I2S_Receiver/reset_n_0                                            |                3 |             16 |
|  MMCM_GEN_112.U_MMCM_112/inst/clk_112 | U_I2S_Wrapper/U_I2S_Receiver/done_reg_0[0]                                                                                                               | U_I2S_Wrapper/U_I2S_Receiver/reset_n_0                                            |                3 |             16 |
|  MMCM_GEN.U_MMCM/inst/clk_216         | U_Audio_channel_left/U_FFT_Wrapper/U_FFT_FSM/counter_addr[8]_i_1_n_0                                                                                     | U_Audio_channel_left/U_FFT_Wrapper/U_FFT_FSM/reset_n_0                            |               12 |             17 |
|  MMCM_GEN.U_MMCM/inst/clk_216         | U_Audio_channel_right/U_FFT_Wrapper/U_FFT_FSM/counter_addr[8]_i_1_n_0                                                                                    | U_Audio_channel_right/U_FFT_Wrapper/U_FFT_FSM/reset_n_0                           |               12 |             17 |
|  MMCM_GEN_112.U_MMCM_112/inst/clk_112 | U_I2S_Wrapper/U_I2S_Emitter/dout[24]_i_1_n_0                                                                                                             | U_I2S_Wrapper/U_I2S_Receiver/reset_n_0                                            |                4 |             17 |
|  MMCM_GEN.U_MMCM/inst/clk_216         |                                                                                                                                                          | U_VGA_interface_top/VU_data[0][4]_i_1_n_0                                         |                9 |             18 |
|  MMCM_GEN.U_MMCM/inst/clk_216         |                                                                                                                                                          | U_VGA_interface_bottom/VU_data[0][4]_i_1_n_0                                      |               13 |             18 |
|  MMCM_GEN.U_MMCM/inst/clk_216         |                                                                                                                                                          | U_Audio_channel_left/U_FIR_interface/GEN_FILTER[5].U_FIR_filter/reset_n_0         |                6 |             18 |
|  MMCM_GEN.U_MMCM/inst/clk_216         | U_Audio_channel_right/U_EQ_stage/GEN_EQ[4].U_EQ_volume/E[0]                                                                                              | U_Audio_channel_right/U_EQ_stage/U_EQ_volume_output/reset_n_1                     |                5 |             19 |
|  MMCM_GEN.U_MMCM/inst/clk_216         | U_Audio_channel_right/U_EQ_stage/GEN_EQ[3].U_EQ_volume/E[0]                                                                                              | U_Audio_channel_right/U_EQ_stage/U_EQ_volume_ctrl/reset_n_0                       |                5 |             19 |
|  MMCM_GEN.U_MMCM/inst/clk_216         | U_Audio_channel_right/U_EQ_stage/GEN_EQ[2].U_EQ_volume/E[0]                                                                                              | U_Audio_channel_right/U_EQ_stage/GEN_EQ[4].U_EQ_volume/reset_n_0                  |                5 |             19 |
|  MMCM_GEN.U_MMCM/inst/clk_216         | U_Audio_channel_left/U_EQ_stage/GEN_EQ[4].U_EQ_volume/E[0]                                                                                               | U_Audio_channel_left/U_EQ_stage/U_EQ_volume_output/reset_n_1                      |                5 |             19 |
|  MMCM_GEN.U_MMCM/inst/clk_216         | U_Audio_channel_right/U_EQ_stage/GEN_EQ[0].U_EQ_volume/E[0]                                                                                              | U_Audio_channel_right/U_EQ_stage/GEN_EQ[2].U_EQ_volume/reset_n_0                  |                5 |             19 |
|  MMCM_GEN.U_MMCM/inst/clk_216         |                                                                                                                                                          | U_Audio_channel_right/U_FIR_interface/GEN_FILTER[5].U_FIR_filter/reset_n_0        |               11 |             19 |
|  MMCM_GEN.U_MMCM/inst/clk_216         | U_Audio_channel_left/U_EQ_stage/GEN_EQ[0].U_EQ_volume/E[0]                                                                                               | U_Audio_channel_left/U_EQ_stage/GEN_EQ[2].U_EQ_volume/reset_n_0                   |                5 |             19 |
|  MMCM_GEN.U_MMCM/inst/clk_216         | U_Audio_channel_left/U_EQ_stage/GEN_EQ[0].U_EQ_volume/EQ_done                                                                                            | U_Audio_channel_left/U_EQ_stage/GEN_EQ[0].U_EQ_volume/reset_n_0                   |                4 |             19 |
|  MMCM_GEN.U_MMCM/inst/clk_216         | U_Audio_channel_left/U_EQ_stage/GEN_EQ[3].U_EQ_volume/E[0]                                                                                               | U_Audio_channel_left/U_EQ_stage/U_EQ_volume_ctrl/reset_n_0                        |                5 |             19 |
|  MMCM_GEN.U_MMCM/inst/clk_216         | U_Audio_channel_left/U_EQ_stage/GEN_EQ[2].U_EQ_volume/E[0]                                                                                               | U_Audio_channel_left/U_EQ_stage/GEN_EQ[4].U_EQ_volume/reset_n_0                   |                5 |             19 |
|  MMCM_GEN.U_MMCM/inst/clk_216         | U_Audio_channel_right/U_EQ_stage/GEN_EQ[0].U_EQ_volume/EQ_done                                                                                           | U_Audio_channel_right/U_EQ_stage/GEN_EQ[0].U_EQ_volume/reset_n_0                  |                5 |             19 |
|  MMCM_GEN.U_MMCM/inst/clk_216         |                                                                                                                                                          | U_UART_Wrapper/U_Tx/reset_n_0                                                     |                7 |             24 |
|  MMCM_GEN_112.U_MMCM_112/inst/clk_112 | U_I2S_Wrapper/U_I2S_Receiver/bit_counter0                                                                                                                | U_I2S_Wrapper/U_I2S_Receiver/reset_n_0                                            |                4 |             24 |
|  MMCM_GEN_112.U_MMCM_112/inst/clk_112 | U_Audio_Interface/U_FIFO_32bit_MISO/U0/inst_fifo_gen/gconvfifo.rf/grf.rf/gntv_or_sync_fifo.gl0.rd/gr1.gr1_int.rfwft/gpregsm1.curr_fwft_state_reg[1]_0[0] |                                                                                   |                8 |             32 |
|  MMCM_GEN.U_MMCM/inst/clk_216         | U_Audio_Interface/U_FIFO_32bit_MOSI/U0/inst_fifo_gen/gconvfifo.rf/grf.rf/gntv_or_sync_fifo.gl0.rd/gr1.gr1_int.rfwft/gpregsm1.curr_fwft_state_reg[1]_0[0] |                                                                                   |                9 |             32 |
|  MMCM_GEN.U_MMCM/inst/clk_216         | U_Audio_Interface/U_FIFO_32bit_MOSI/U0/inst_fifo_gen/gconvfifo.rf/grf.rf/gntv_or_sync_fifo.gl0.rd/gr1.gr1_int.rfwft/E[0]                                 |                                                                                   |               11 |             32 |
|  MMCM_GEN_112.U_MMCM_112/inst/clk_112 | U_I2S_Wrapper/I2S_new_sample                                                                                                                             | U_I2S_Wrapper/U_I2S_Receiver/reset_n_0                                            |               11 |             32 |
|  MMCM_GEN_112.U_MMCM_112/inst/clk_112 | U_Audio_Interface/U_FIFO_32bit_MISO/U0/inst_fifo_gen/gconvfifo.rf/grf.rf/gntv_or_sync_fifo.gl0.rd/gr1.gr1_int.rfwft/E[0]                                 |                                                                                   |                9 |             32 |
|  MMCM_GEN.U_MMCM/inst/clk_216         |                                                                                                                                                          | U_Audio_channel_right/bbstub_locked                                               |               14 |             33 |
|  MMCM_GEN.U_MMCM/inst/clk_216         |                                                                                                                                                          | U_Hearbeat/LED_state_i_2_n_0                                                      |               15 |             33 |
|  MMCM_GEN.U_MMCM/inst/clk_216         |                                                                                                                                                          | U_Audio_channel_left/U_EQ_stage/U_EQ_volume_ctrl/reset_n_1                        |               10 |             38 |
|  MMCM_GEN.U_MMCM/inst/clk_216         |                                                                                                                                                          | U_Audio_channel_right/U_EQ_stage/U_EQ_volume_ctrl/reset_n_1                       |                9 |             38 |
|  MMCM_GEN.U_MMCM/inst/clk_216         | U_Audio_channel_left/U_EQ_stage/EQ_en_d_reg_n_0                                                                                                          | U_Audio_channel_left/U_EQ_stage/U_EQ_volume_ctrl/reset_n_1                        |               11 |             41 |
|  MMCM_GEN.U_MMCM/inst/clk_216         | U_Audio_channel_right/U_EQ_stage/EQ_en_d_reg_n_0                                                                                                         | U_Audio_channel_right/U_EQ_stage/U_EQ_volume_ctrl/reset_n_1                       |               12 |             41 |
|  MMCM_GEN.U_MMCM/inst/clk_216         |                                                                                                                                                          | U_Audio_channel_left/U_EQ_stage/U_EQ_volume_input/EQ_dout[15]_i_1__1_n_0          |                9 |             48 |
|  MMCM_GEN.U_MMCM/inst/clk_216         |                                                                                                                                                          | U_Audio_channel_right/U_EQ_stage/U_EQ_volume_input/EQ_dout[15]_i_1__1_n_0         |               15 |             48 |
|  MMCM_GEN.U_MMCM/inst/clk_108         |                                                                                                                                                          | U_VGA_controller/VGA_new_frame_i_2_n_0                                            |               16 |             50 |
|  MMCM_GEN.U_MMCM/inst/clk_108         | U_VGA_controller/VGA_new_frame                                                                                                                           | U_VGA_interface_top/VU_data[0][4]_i_1_n_0                                         |               16 |             51 |
|  MMCM_GEN.U_MMCM/inst/clk_108         | U_VGA_controller/VGA_new_frame                                                                                                                           | U_VGA_interface_bottom/VU_data[0][4]_i_1_n_0                                      |               18 |             51 |
|  MMCM_GEN_112.U_MMCM_112/inst/clk_112 |                                                                                                                                                          | U_I2S_Wrapper/U_I2S_Receiver/reset_n_0                                            |               15 |             53 |
|  MMCM_GEN.U_MMCM/inst/clk_216         |                                                                                                                                                          | U_Audio_channel_left/U_EQ_stage/U_EQ_volume_output/reset_n_1                      |               12 |             55 |
|  MMCM_GEN.U_MMCM/inst/clk_216         |                                                                                                                                                          | U_Audio_channel_right/U_EQ_stage/U_EQ_volume_output/reset_n_1                     |               12 |             55 |
|  MMCM_GEN.U_MMCM/inst/clk_216         | U_Audio_Interface/U_FIFO_32bit_MISO/U0/inst_fifo_gen/gconvfifo.rf/grf.rf/gntv_or_sync_fifo.gl0.wr/gwas.wsts/E[0]                                         |                                                                                   |               10 |             63 |
|  MMCM_GEN_112.U_MMCM_112/inst/clk_112 | U_Audio_Interface/U_FIFO_32bit_MOSI/U0/inst_fifo_gen/gconvfifo.rf/grf.rf/gntv_or_sync_fifo.gl0.wr/gwas.wsts/E[0]                                         |                                                                                   |               10 |             63 |
|  MMCM_GEN.U_MMCM/inst/clk_216         |                                                                                                                                                          | U_Audio_channel_left/U_EQ_stage/U_EQ_volume_output/reset_n_0                      |               17 |             66 |
|  MMCM_GEN.U_MMCM/inst/clk_216         |                                                                                                                                                          | U_Audio_channel_right/U_EQ_stage/U_EQ_volume_output/reset_n_0                     |               25 |             66 |
|  MMCM_GEN.U_MMCM/inst/clk_216         |                                                                                                                                                          | U_Audio_channel_right/U_EQ_stage/GEN_EQ[0].U_EQ_volume/reset_n_0                  |               17 |             72 |
|  MMCM_GEN.U_MMCM/inst/clk_216         |                                                                                                                                                          | U_Audio_channel_left/U_EQ_stage/GEN_EQ[0].U_EQ_volume/reset_n_0                   |               15 |             72 |
|  MMCM_GEN.U_MMCM/inst/clk_216         |                                                                                                                                                          | U_Audio_channel_left/U_EQ_stage/GEN_EQ[4].U_EQ_volume/reset_n_0                   |               18 |             78 |
|  MMCM_GEN.U_MMCM/inst/clk_216         |                                                                                                                                                          | U_Audio_channel_right/U_EQ_stage/GEN_EQ[4].U_EQ_volume/reset_n_0                  |               22 |             78 |
|  MMCM_GEN.U_MMCM/inst/clk_216         |                                                                                                                                                          | U_Audio_channel_right/U_EQ_stage/GEN_EQ[2].U_EQ_volume/reset_n_0                  |               23 |             83 |
|  MMCM_GEN.U_MMCM/inst/clk_216         |                                                                                                                                                          | U_Audio_channel_left/U_EQ_stage/GEN_EQ[2].U_EQ_volume/reset_n_0                   |               15 |             83 |
|  MMCM_GEN.U_MMCM/inst/clk_216         |                                                                                                                                                          | U_Audio_channel_right/U_EQ_stage/U_EQ_volume_ctrl/reset_n_0                       |               27 |             90 |
|  MMCM_GEN.U_MMCM/inst/clk_216         |                                                                                                                                                          | U_Audio_channel_left/U_EQ_stage/U_EQ_volume_ctrl/reset_n_0                        |               28 |             90 |
|  MMCM_GEN.U_MMCM/inst/clk_216         |                                                                                                                                                          | U_Audio_channel_right/U_VU_metre/GEN_VU[0].U_VU_stage/reset_n_0                   |               39 |             92 |
|  MMCM_GEN.U_MMCM/inst/clk_216         |                                                                                                                                                          | U_Audio_channel_left/U_VU_metre/GEN_VU[0].U_VU_stage/reset_n_0                    |               38 |             92 |
|  MMCM_GEN.U_MMCM/inst/clk_216         | U_Audio_channel_right/U_FIR_interface/dout_store                                                                                                         | U_Audio_channel_right/U_FIR_interface/GEN_FILTER[5].U_FIR_filter/reset_n_0        |               19 |             96 |
|  MMCM_GEN.U_MMCM/inst/clk_216         | U_Audio_channel_left/U_FIR_interface/dout_store                                                                                                          | U_Audio_channel_left/U_FIR_interface/GEN_FILTER[5].U_FIR_filter/reset_n_0         |               19 |             96 |
|  MMCM_GEN.U_MMCM/inst/clk_216         |                                                                                                                                                          | U_Audio_channel_right/U_FFT_Wrapper/U_FFT_UAL/U_Multiplier/FFT_dout_i[15]_i_1_n_0 |               18 |            101 |
|  MMCM_GEN.U_MMCM/inst/clk_216         |                                                                                                                                                          | U_Audio_channel_right/U_FFT_Wrapper/U_FFT_UAL/U_Multiplier/FFT_dout_r[15]_i_1_n_0 |               19 |            101 |
|  MMCM_GEN.U_MMCM/inst/clk_216         |                                                                                                                                                          | U_Audio_channel_left/U_FFT_Wrapper/U_FFT_UAL/U_Multiplier/FFT_dout_i[15]_i_1_n_0  |               15 |            101 |
|  MMCM_GEN.U_MMCM/inst/clk_216         |                                                                                                                                                          | U_Audio_channel_left/U_FFT_Wrapper/U_FFT_UAL/U_Multiplier/FFT_dout_r[15]_i_1_n_0  |               16 |            101 |
|  MMCM_GEN.U_MMCM/inst/clk_108         |                                                                                                                                                          | U_VGA_interface_top/VU_data[0][4]_i_1_n_0                                         |               40 |            102 |
|  MMCM_GEN.U_MMCM/inst/clk_108         |                                                                                                                                                          | U_VGA_interface_bottom/VU_data[0][4]_i_1_n_0                                      |               30 |            102 |
|  MMCM_GEN.U_MMCM/inst/clk_216         | U_Audio_channel_right/U_EQ_stage/EQ_en_d_reg_n_0                                                                                                         | U_Audio_channel_right/U_EQ_stage/U_EQ_volume_input/reset_n_0                      |               31 |            106 |
|  MMCM_GEN.U_MMCM/inst/clk_216         | U_Audio_channel_left/U_EQ_stage/EQ_en_d_reg_n_0                                                                                                          | U_Audio_channel_left/U_EQ_stage/U_EQ_volume_input/reset_n_0                       |               27 |            106 |
|  MMCM_GEN_112.U_MMCM_112/inst/clk_112 |                                                                                                                                                          |                                                                                   |               18 |            112 |
|  MMCM_GEN.U_MMCM/inst/clk_216         |                                                                                                                                                          | U_Audio_channel_right/U_VU_metre/GEN_VU[7].U_VU_stage/reset_n_0                   |               27 |            135 |
|  MMCM_GEN.U_MMCM/inst/clk_216         |                                                                                                                                                          | U_Audio_channel_left/U_VU_metre/GEN_VU[7].U_VU_stage/reset_n_0                    |               28 |            135 |
|  MMCM_GEN.U_MMCM/inst/clk_216         |                                                                                                                                                          | U_Audio_channel_right/U_VU_metre/GEN_VU[5].U_VU_stage/reset_n_0                   |               60 |            138 |
|  MMCM_GEN.U_MMCM/inst/clk_216         |                                                                                                                                                          | U_Audio_channel_left/U_VU_metre/GEN_VU[5].U_VU_stage/reset_n_0                    |               60 |            138 |
|  MMCM_GEN.U_MMCM/inst/clk_216         |                                                                                                                                                          | U_Audio_channel_right/U_VU_metre/GEN_VU[6].U_VU_stage/reset_n_0                   |               59 |            139 |
|  MMCM_GEN.U_MMCM/inst/clk_216         |                                                                                                                                                          | U_Audio_channel_left/U_VU_metre/GEN_VU[6].U_VU_stage/reset_n_0                    |               60 |            139 |
|  MMCM_GEN.U_MMCM/inst/clk_216         |                                                                                                                                                          | U_Audio_channel_right/U_NRM_Wrapper/U_NRM_Normalizer/reset_n_0                    |               35 |            155 |
|  MMCM_GEN.U_MMCM/inst/clk_216         |                                                                                                                                                          | U_Audio_channel_left/U_NRM_Wrapper/U_NRM_Normalizer/reset_n_0                     |               36 |            155 |
|  MMCM_GEN.U_MMCM/inst/clk_216         |                                                                                                                                                          | U_Audio_channel_right/U_FFT_Wrapper/U_FFT_FSM/reset_n_0                           |               45 |            156 |
|  MMCM_GEN.U_MMCM/inst/clk_216         |                                                                                                                                                          | U_Audio_channel_left/U_FFT_Wrapper/U_FFT_FSM/reset_n_0                            |               46 |            156 |
|  MMCM_GEN.U_MMCM/inst/clk_216         |                                                                                                                                                          | U_Audio_channel_right/U_FFT_Wrapper/U_FFT_UAL/U_Adder/reset_n_0                   |               38 |            158 |
|  MMCM_GEN.U_MMCM/inst/clk_216         |                                                                                                                                                          | U_Audio_channel_left/U_FFT_Wrapper/U_FFT_UAL/U_Adder/reset_n_0                    |               39 |            158 |
|  MMCM_GEN.U_MMCM/inst/clk_216         | U_Audio_channel_left/reset_n                                                                                                                             |                                                                                   |              189 |            736 |
|  MMCM_GEN.U_MMCM/inst/clk_216         |                                                                                                                                                          |                                                                                   |              429 |           1779 |
+---------------------------------------+----------------------------------------------------------------------------------------------------------------------------------------------------------+-----------------------------------------------------------------------------------+------------------+----------------+


