Copyright 1986-2018 Xilinx, Inc. All Rights Reserved.
-----------------------------------------------------------------------------------------------------------------------------------------------
| Tool Version : Vivado v.2018.3 (win64) Build 2405991 Thu Dec  6 23:38:27 MST 2018
| Date         : Fri Dec 20 15:09:36 2019
| Host         : L-1V1ZTY1 running 64-bit Service Pack 1  (build 7601)
| Command      : report_methodology -file TOP_methodology_drc_routed.rpt -pb TOP_methodology_drc_routed.pb -rpx TOP_methodology_drc_routed.rpx
| Design       : TOP
| Device       : xc7s50csga324-1
| Speed File   : -1
| Design State : Fully Routed
-----------------------------------------------------------------------------------------------------------------------------------------------

Report Methodology

Table of Contents
-----------------
1. REPORT SUMMARY
2. REPORT DETAILS

1. REPORT SUMMARY
-----------------
            Netlist: netlist
          Floorplan: design_1
      Design limits: <entire design considered>
             Max violations: <unlimited>
             Violations found: 2
+-----------+----------+-------------------------------------------+------------+
| Rule      | Severity | Description                               | Violations |
+-----------+----------+-------------------------------------------+------------+
| TIMING-27 | Warning  | Invalid primary clock on hierarchical pin | 2          |
+-----------+----------+-------------------------------------------+------------+

2. REPORT DETAILS
-----------------
TIMING-27#1 Warning
Invalid primary clock on hierarchical pin  
A primary clock MMCM_GEN.U_MMCM/inst/CLK12MHZ is created on an inappropriate internal pin MMCM_GEN.U_MMCM/inst/CLK12MHZ. It is not recommended to create a primary clock on a hierarchical pin when its driver pin has a fanout connected to multiple clock pins
Related violations: <none>

TIMING-27#2 Warning
Invalid primary clock on hierarchical pin  
A primary clock MMCM_GEN_112.U_MMCM_112/inst/CLK12MHZ is created on an inappropriate internal pin MMCM_GEN_112.U_MMCM_112/inst/CLK12MHZ. It is not recommended to create a primary clock on a hierarchical pin when its driver pin has a fanout connected to multiple clock pins
Related violations: <none>


