#-----------------------------------------------------------
# Webtalk v2018.3 (64-bit)
# SW Build 2405991 on Thu Dec  6 23:38:27 MST 2018
# IP Build 2404404 on Fri Dec  7 01:43:56 MST 2018
# Start of session at: Thu Nov 21 13:59:10 2019
# Process ID: 6688
# Current directory: C:/Users/hhartmann/Desktop/svn_fpga/trunk/01_Projects/WAV_Player/05_FPGA/Arty-S7/WAV_Player/WAV_Player.sim/sim_1/behav/xsim
# Command line: wbtcv.exe -mode batch -source C:/Users/hhartmann/Desktop/svn_fpga/trunk/01_Projects/WAV_Player/05_FPGA/Arty-S7/WAV_Player/WAV_Player.sim/sim_1/behav/xsim/xsim.dir/FFT_UAL_behav/webtalk/xsim_webtalk.tcl -notrace
# Log file: C:/Users/hhartmann/Desktop/svn_fpga/trunk/01_Projects/WAV_Player/05_FPGA/Arty-S7/WAV_Player/WAV_Player.sim/sim_1/behav/xsim/webtalk.log
# Journal file: C:/Users/hhartmann/Desktop/svn_fpga/trunk/01_Projects/WAV_Player/05_FPGA/Arty-S7/WAV_Player/WAV_Player.sim/sim_1/behav/xsim\webtalk.jou
#-----------------------------------------------------------
source C:/Users/hhartmann/Desktop/svn_fpga/trunk/01_Projects/WAV_Player/05_FPGA/Arty-S7/WAV_Player/WAV_Player.sim/sim_1/behav/xsim/xsim.dir/FFT_UAL_behav/webtalk/xsim_webtalk.tcl -notrace
